../Drivers/CMSIS/Include/core_cm0.h:730:22:__NVIC_SetPriority	24	static
../Core/Src/main.c:85:5:main	8	static
../Core/Src/main.c:183:6:SystemClock_Config	88	static
../Core/Src/main.c:217:6:adc_init	8	static,ignoring_inline_asm
../Core/Src/main.c:247:5:adc_check	16	static
../Core/Src/main.c:255:5:adc_rx	16	static
../Core/Src/main.c:264:6:intToString	24	static
../Core/Src/main.c:280:6:intToString16	32	static
../Core/Src/main.c:296:6:intToStringInt	24	static
../Core/Src/main.c:312:6:reverseString	32	static
../Core/Src/main.c:324:6:str_empty	24	static
../Core/Src/main.c:332:6:UART_Tx	16	static,ignoring_inline_asm
../Core/Src/main.c:340:6:UART_Rx	16	static,ignoring_inline_asm
../Core/Src/main.c:352:6:UART_Send	24	static
../Core/Src/main.c:360:6:UART_Receive	32	static
../Core/Src/main.c:375:6:DelayMS	24	static
../Core/Src/main.c:384:6:SysTick_Init	16	static
../Core/Src/main.c:402:6:LED_Init	8	static
../Core/Src/main.c:413:6:UART1_Init	8	static
../Core/Src/main.c:437:6:Error_Handler	8	static,ignoring_inline_asm
