../Drivers/CMSIS/Include/core_cm0.h:730:22:__NVIC_SetPriority	24	static
../Core/Src/main.c:78:5:main	8	static,ignoring_inline_asm
../Core/Src/main.c:173:6:SystemClock_Config	88	static
../Core/Src/main.c:206:6:intToString	24	static
../Core/Src/main.c:222:6:reverseString	32	static
../Core/Src/main.c:234:6:str_empty	24	static
../Core/Src/main.c:242:6:UART_Tx	16	static,ignoring_inline_asm
../Core/Src/main.c:250:6:UART_Rx	16	static,ignoring_inline_asm
../Core/Src/main.c:262:6:UART_Send	24	static
../Core/Src/main.c:270:6:UART_Receive	32	static
../Core/Src/main.c:285:6:DelayMS	24	static
../Core/Src/main.c:294:6:SysTick_Init	16	static
../Core/Src/main.c:312:6:LED_Init	8	static
../Core/Src/main.c:323:6:UART1_Init	8	static
../Core/Src/main.c:347:6:Error_Handler	8	static,ignoring_inline_asm
